
> frontend@0.0.0 build
> vite build

[36mvite v5.4.21 [32mbuilding for production...[36m[39m
transforming...
Browserslist: browsers data (caniuse-lite) is 10 months old. Please run:
  npx update-browserslist-db@latest
  Why you should do it regularly: https://github.com/browserslist/update-db#readme
[32m✓[39m 2808 modules transformed.
[1m[33m[plugin:vite:reporter][39m[22m [33m[plugin vite:reporter] 
(!) D:/my code/my project/NEO GEN INTERNSHIP ENGINE/frontend/src/data/resumeTemplates.js is dynamically imported by D:/my code/my project/NEO GEN INTERNSHIP ENGINE/frontend/src/pages/ResumeTemplates.jsx but also statically imported by D:/my code/my project/NEO GEN INTERNSHIP ENGINE/frontend/src/pages/ResumeBuilder.jsx, D:/my code/my project/NEO GEN INTERNSHIP ENGINE/frontend/src/pages/ResumeTemplates.jsx, dynamic import will not move module into another chunk.
[39m
rendering chunks...
computing gzip size...
[2mdist/[22m[32mindex.html                 [39m[1m[2m    5.83 kB[22m[1m[22m[2m │ gzip:   1.77 kB[22m
[2mdist/[22m[32massets/logo-EFmGWgiU.png   [39m[1m[2m2,231.39 kB[22m[1m[22m
[2mdist/[22m[35massets/index-Bbwy4GV1.css  [39m[1m[2m  252.42 kB[22m[1m[22m[2m │ gzip:  38.72 kB[22m
[2mdist/[22m[36massets/index-D68OVugX.js   [39m[1m[33m2,718.63 kB[39m[22m[2m │ gzip: 539.61 kB[22m
[33m
(!) Some chunks are larger than 500 kB after minification. Consider:
- Using dynamic import() to code-split the application
- Use build.rollupOptions.output.manualChunks to improve chunking: https://rollupjs.org/configuration-options/#output-manualchunks
- Adjust chunk size limit for this warning via build.chunkSizeWarningLimit.[39m
[32m✓ built in 38.20s[39m
BUILD_SUCCESS  
